
> ai-builder@0.1.0 build
> next build

   Γû▓ Next.js 15.3.4
   - Environments: .env

   Creating an optimized production build ...
 Γ£ô Compiled successfully in 2000ms
   Linting and checking validity of types ...
node.exe : Failed to compile.
At line:1 char:1
+ & "C:\Program Files\nodejs/node.exe" 
"C:\Program Files\nodejs/node_mo ...
+ ~~~~~~~~~~~~~~~~~~~~~~~~~~~~~~~~~~~~~
~~~~~~~~~~~~~~~~~~~~~~~~~~~~~~~~
    + CategoryInfo          : NotSpeci 
   fied: (Failed to compile.:String)   
  [], RemoteException
    + FullyQualifiedErrorId : NativeCo 
   mmandError
 

./src/components/ui/resizable.tsx:5:17
Type error: '"react-resizable-panels"' 
has no exported member named 
'PanelGroup'. Did you mean 
'PanelProps'?

[0m [90m 3 |[39m [36mimport[39m 
[33m*[39m [36mas[39m 
[33mReact[39m [36mfrom[39m 
[32m"react"[39m[0m
[0m [90m 4 |[39m [36mimport[39m { 
[33mGripVerticalIcon[39m } 
[36mfrom[39m 
[32m"lucide-react"[39m[0m
[0m[31m[1m>[22m[39m[90m 5 |[39m 
[36mimport[39m { 
[33mPanel[39m[33m,[39m 
[33mPanelGroup[39m[33m,[39m 
[33mPanelResizeHandle[39m } 
[36mfrom[39m 
[32m"react-resizable-panels"[39m[0m
[0m [90m   |[39m                 
[31m[1m^[22m[39m[0m
[0m [90m 6 |[39m[0m
[0m [90m 7 |[39m [36mimport[39m { 
cn } [36mfrom[39m 
[32m"@/lib/utils"[39m[0m
[0m [90m 8 |[39m[0m
Next.js build worker exited with code: 
1 and signal: null
