src/modules/projects/ui/views/project-view.tsx(22,34): error TS2322: Type '{ children: Element[]; direction: string; }' is not assignable to type 'IntrinsicAttributes & HTMLAttributes<HTMLDivElement> & { children?: ReactNode; className?: string | undefined; ... 8 more ...; style?: CSSProperties | undefined; }'.
  Property 'direction' does not exist on type 'IntrinsicAttributes & HTMLAttributes<HTMLDivElement> & { children?: ReactNode; className?: string | undefined; ... 8 more ...; style?: CSSProperties | undefined; }'.
